
[1m[46m RUN [49m[22m [36mv4.0.18 [39m[90mC:/MrXSteroid-main[39m

 [31mΓ¥»[39m src/__tests__/unit/helpers.test.ts [2m([22m[2m0 test[22m[2m)[22m
 [31mΓ¥»[39m src/__tests__/e2e/user-flow.test.ts [2m([22m[2m0 test[22m[2m)[22m
 [31mΓ¥»[39m src/__tests__/unit/payment-service.test.ts [2m([22m[2m0 test[22m[2m)[22m
 [31mΓ¥»[39m src/__tests__/unit/PaymentDiagnostic.test.tsx [2m([22m[2m0 test[22m[2m)[22m
 [31mΓ¥»[39m src/__tests__/security-enhanced-auth.test.ts [2m([22m[2m7 tests[22m[2m | [22m[31m1 failed[39m[2m)[22m[32m 29[2mms[22m[39m
     [32mΓ£ô[39m should validate email format during signup[32m 8[2mms[22m[39m
     [32mΓ£ô[39m should validate password strength during signup[32m 1[2mms[22m[39m
     [32mΓ£ô[39m should validate full name length during signup[32m 1[2mms[22m[39m
     [32mΓ£ô[39m should validate username length during signup[32m 1[2mms[22m[39m
[31m     [31m├ù[31m should allow valid signup data[39m[32m 11[2mms[22m[39m
     [32mΓ£ô[39m should validate email format during sign in[32m 1[2mms[22m[39m
     [32mΓ£ô[39m should require password during sign in[32m 1[2mms[22m[39m
 [31mΓ¥»[39m src/__tests__/unit/logic.test.ts [2m([22m[2m6 tests[22m[2m | [22m[31m2 failed[39m[2m)[22m[32m 31[2mms[22m[39m
[31m       [31m├ù[31m should replace brand names with HTML spans[39m[32m 20[2mms[22m[39m
[31m       [31m├ù[31m should handle Arabic brand names[39m[32m 2[2mms[22m[39m
       [32mΓ£ô[39m should handle mixed Arabic and English[32m 1[2mms[22m[39m
       [32mΓ£ô[39m should return original text if no brand found[32m 1[2mms[22m[39m
       [32mΓ£ô[39m should handle empty string[32m 0[2mms[22m[39m
       [32mΓ£ô[39m should handle null/undefined[32m 1[2mms[22m[39m
[90mstdout[2m | src/__tests__/unit/auth-service.test.ts[2m > [22m[2mAuthentication Service Tests[2m > [22m[2msignUp[2m > [22m[2mshould register a new user successfully
[22m[39mSecurityManager secureRegister response: {
  data: {
    user: { id: [32m'test-user-id'[39m, email: [32m'test@example.com'[39m },
    session: { access_token: [32m'test-token'[39m }
  },
  error: [1mnull[22m
}

[90mstdout[2m | src/__tests__/unit/auth-service.test.ts[2m > [22m[2mAuthentication Service Tests[2m > [22m[2msignUp[2m > [22m[2mshould register a new user successfully
[22m[39mSecurity Event: registration_attempt {
  email: [32m'test@example.com'[39m,
  success: [33mtrue[39m,
  timestamp: [32m'2026-03-04T04:10:40.628Z'[39m,
  ip: [32m'127.0.0.1'[39m
}

[90mstdout[2m | src/__tests__/unit/auth-service.test.ts[2m > [22m[2mAuthentication Service Tests[2m > [22m[2msignUp[2m > [22m[2mshould handle registration errors
[22m[39mSecurityManager secureRegister response: {
  data: { user: [1mnull[22m, session: [1mnull[22m },
  error: { message: [32m'User already registered'[39m, status: [33m400[39m }
}

[90mstdout[2m | src/__tests__/unit/auth-service.test.ts[2m > [22m[2mAuthentication Service Tests[2m > [22m[2msignUp[2m > [22m[2mshould handle registration errors
[22m[39mSecurity Event: registration_failure {
  email: [32m'test@example.com'[39m,
  error: [32m'Unknown error'[39m,
  timestamp: [32m'2026-03-04T04:10:40.656Z'[39m,
  ip: [32m'127.0.0.1'[39m
}

[90mstdout[2m | src/__tests__/unit/auth-service.test.ts[2m > [22m[2mAuthentication Service Tests[2m > [22m[2msignIn[2m > [22m[2mshould sign in user successfully
[22m[39mReset failed login attempts for: test@example.com

[90mstdout[2m | src/__tests__/unit/auth-service.test.ts[2m > [22m[2mAuthentication Service Tests[2m > [22m[2msignIn[2m > [22m[2mshould sign in user successfully
[22m[39mSecurity Event: login_success {
  email: [32m'test@example.com'[39m,
  userId: [32m'test-user-id'[39m,
  timestamp: [32m'2026-03-04T04:10:40.677Z'[39m,
  ip: [32m'127.0.0.1'[39m
}

[90mstdout[2m | src/__tests__/unit/auth-service.test.ts[2m > [22m[2mAuthentication Service Tests[2m > [22m[2msignIn[2m > [22m[2mshould handle sign in errors
[22m[39mIncremented failed login attempt for: test@example.com

[90mstdout[2m | src/__tests__/unit/auth-service.test.ts[2m > [22m[2mAuthentication Service Tests[2m > [22m[2msignIn[2m > [22m[2mshould handle sign in errors
[22m[39mSecurity Event: login_failure {
  email: [32m'test@example.com'[39m,
  error: [32m'Invalid login credentials'[39m,
  timestamp: [32m'2026-03-04T04:10:40.682Z'[39m,
  ip: [32m'127.0.0.1'[39m
}

 [31mΓ¥»[39m src/__tests__/unit/auth-service.test.ts [2m([22m[2m14 tests[22m[2m | [22m[31m5 failed[39m[2m)[22m[32m 88[2mms[22m[39m
[31m       [31m├ù[31m should register a new user successfully[39m[32m 35[2mms[22m[39m
[31m       [31m├ù[31m should handle registration errors[39m[32m 11[2mms[22m[39m
       [32mΓ£ô[39m should validate email format[32m 2[2mms[22m[39m
       [32mΓ£ô[39m should validate password strength[32m 2[2mms[22m[39m
[31m       [31m├ù[31m should validate required fields[39m[32m 4[2mms[22m[39m
       [32mΓ£ô[39m should sign in user successfully[32m 5[2mms[22m[39m
[31m       [31m├ù[31m should handle sign in errors[39m[32m 9[2mms[22m[39m
       [32mΓ£ô[39m should validate email format on sign in[32m 1[2mms[22m[39m
       [32mΓ£ô[39m should require password on sign in[32m 2[2mms[22m[39m
       [32mΓ£ô[39m should sign out user successfully[32m 3[2mms[22m[39m
[31m       [31m├ù[31m should handle sign out errors[39m[32m 6[2mms[22m[39m
       [32mΓ£ô[39m should validate email correctly[32m 1[2mms[22m[39m
       [32mΓ£ô[39m should validate password strength correctly[32m 0[2mms[22m[39m
       [32mΓ£ô[39m should validate username correctly[32m 1[2mms[22m[39m
 [31mΓ¥»[39m src/__tests__/unit/realtime-sync-service.test.ts [2m([22m[2m0 test[22m[2m)[22m
 [31mΓ¥»[39m src/__tests__/unit/PaymentDiagnosticSimple.test.tsx [2m([22m[2m0 test[22m[2m)[22m
 [31mΓ¥»[39m src/__tests__/unit/security-utils.test.ts [2m([22m[2m0 test[22m[2m)[22m
 [32mΓ£ô[39m src/__tests__/unit/db-service.test.ts [2m([22m[2m21 tests[22m[2m)[22m[32m 34[2mms[22m[39m
node.exe : 
At line:1 char:1
+ & "C:\Program 
Files\nodejs/node.exe" 
"C:\Program 
Files\nodejs/node_mo 
...
+ ~~~~~~~~~~~~~~~~~~~~~
~~~~~~~~~~~~~~~~~~~~~~~
~~~~~~~~~~~~~~~~~~~~~~~
~~
    + CategoryInfo     
         : NotSpecifi  
  ed: (:String) [],    
 RemoteException
    + FullyQualifiedEr 
   rorId : NativeComm  
  andError
 
[31mΓÄ»ΓÄ»ΓÄ»ΓÄ»ΓÄ»ΓÄ»
[39m[1m[41m Failed 
Suites 7 [49m[22m[31
mΓÄ»ΓÄ»ΓÄ»ΓÄ»ΓÄ»ΓÄ»ΓÄ»
[39m

[41m[1m FAIL 
[22m[49m src/__tests_
_/e2e/user-flow.test.ts
[2m [ src/__tests__/e2
e/user-flow.test.ts 
][22m
[31m[1mError[22m: 
Transform failed with 
1 error:
C:/MrXSteroid-main/src/
__tests__/e2e/user-flow
.test.ts:220:55: 
ERROR: Unterminated 
regular expression[39m
  Plugin: 
[35mvite:esbuild[39m
  File: [36mC:/MrXSter
oid-main/src/__tests__/
e2e/user-flow.test.ts[
39m:220:55
[33m  
  [33mUnterminated 
regular expression[33m
  218|              // 
Render AuthProvider 
and check context
  219|              
const wrapper = ({ 
children }: { 
children: 
React.ReactNode }) => (
  220|                 
 <AuthProvider>{childre
n}</AuthProvider>
     |                 
                       
                 ^
  221|              );
  222|  
  [39m
[90m [2mΓ¥»[22m 
failureErrorWithLog nod
e_modules/vite/node_mod
ules/esbuild/lib/main.j
s:[2m1467:15[22m[39m
[90m [2mΓ¥»[22m node
_modules/vite/node_modu
les/esbuild/lib/main.js
:[2m736:50[22m[39m
[90m [2mΓ¥»[22m resp
onseCallbacks.<computed
> node_modules/vite/nod
e_modules/esbuild/lib/m
ain.js:[2m603:9[22m[
39m
[90m [2mΓ¥»[22m 
handleIncomingPacket no
de_modules/vite/node_mo
dules/esbuild/lib/main.
js:[2m658:12[22m[39m
[90m [2mΓ¥»[22m 
Socket.readFromStdout n
ode_modules/vite/node_m
odules/esbuild/lib/main
.js:[2m581:7[22m[39m

[31m[2mΓÄ»ΓÄ»ΓÄ»ΓÄ»ΓÄ
»ΓÄ»ΓÄ»ΓÄ»ΓÄ»ΓÄ»ΓÄ»ΓÄ»Γ
Ä»ΓÄ»ΓÄ»ΓÄ»ΓÄ»ΓÄ»ΓÄ»ΓÄ»
ΓÄ»ΓÄ»ΓÄ»[1/15]ΓÄ»[22m
[39m

[41m[1m FAIL 
[22m[49m src/__tests_
_/unit/helpers.test.ts
[2m [ src/__tests__/uni
t/helpers.test.ts 
][22m
[31m[1mError[22m: 
Failed to resolve 
import "../../../shared
/lib/utils" from "src/_
_tests__/unit/helpers.t
est.ts". Does the file 
exist?[39m
  Plugin: [35mvite:imp
ort-analysis[39m
  File: [36mC:/MrXSter
oid-main/src/__tests__/
unit/helpers.test.ts[3
9m:11:7
[33m  9  |    
isValidEmail,
  10 |    
isStrongPassword
  11 |  } from "../../.
./shared/lib/utils";
     |          ^
  12 |  
describe("Helper 
Functions Test Suite", 
() => {
  13 |    describe("for
matCurrency", () => 
{[39m
[90m [2mΓ¥»[22m Tran
sformPluginContext._for
matLog node_modules/vit
e/dist/node/chunks/dep-
D4NMHUTW.js:[2m42528:4
1[22m[39m
[90m [2mΓ¥»[22m Tran
sformPluginContext.erro
r node_modules/vite/dis
t/node/chunks/dep-D4NMH
UTW.js:[2m42525:16[22
m[39m
[90m [2mΓ¥»[22m 
normalizeUrl node_modul
es/vite/dist/node/chunk
s/dep-D4NMHUTW.js:[2m4
0504:23[22m[39m
[90m [2mΓ¥»[22m node
_modules/vite/dist/node
/chunks/dep-D4NMHUTW.js
:[2m40623:37[22m[39m
[90m [2mΓ¥»[22m Tran
sformPluginContext.tran
sform node_modules/vite
/dist/node/chunks/dep-D
4NMHUTW.js:[2m40550:7
[22m[39m
[90m [2mΓ¥»[22m Envi
ronmentPluginContainer.
transform node_modules/
vite/dist/node/chunks/d
ep-D4NMHUTW.js:[2m4232
3:18[22m[39m
[90m [2mΓ¥»[22m 
loadAndTransform node_m
odules/vite/dist/node/c
hunks/dep-D4NMHUTW.js:
[2m35739:27[22m[39m

[31m[2mΓÄ»ΓÄ»ΓÄ»ΓÄ»ΓÄ
»ΓÄ»ΓÄ»ΓÄ»ΓÄ»ΓÄ»ΓÄ»ΓÄ»Γ
Ä»ΓÄ»ΓÄ»ΓÄ»ΓÄ»ΓÄ»ΓÄ»ΓÄ»
ΓÄ»ΓÄ»ΓÄ»[2/15]ΓÄ»[22m
[39m

[41m[1m FAIL 
[22m[49m src/__tests_
_/unit/payment-service.
test.ts[2m [ src/__tes
ts__/unit/payment-servi
ce.test.ts ][22m
[31m[1mError[22m: 
Failed to resolve 
import "../../../shared
/lib/payment-service" 
from "src/__tests__/uni
t/payment-service.test.
ts". Does the file 
exist?[39m
  Plugin: [35mvite:imp
ort-analysis[39m
  File: [36mC:/MrXSter
oid-main/src/__tests__/
unit/payment-service.te
st.ts[39m:2:0
[33m  11 |    }
  12 |  }));
  13 |  const 
__vi_import_0__ = 
await import("../../../
shared/lib/payment-serv
ice");
     |                 
                      ^
  14 |  const 
__vi_import_1__ = 
await import("../../../
shared/lib/supabase");
  15 |  import { 
describe, it, expect, 
vi, beforeEach } from 
"vitest";[39m
[90m [2mΓ¥»[22m Tran
sformPluginContext._for
matLog node_modules/vit
e/dist/node/chunks/dep-
D4NMHUTW.js:[2m42528:4
1[22m[39m
[90m [2mΓ¥»[22m Tran
sformPluginContext.erro
r node_modules/vite/dis
t/node/chunks/dep-D4NMH
UTW.js:[2m42525:16[22
m[39m
[90m [2mΓ¥»[22m 
normalizeUrl node_modul
es/vite/dist/node/chunk
s/dep-D4NMHUTW.js:[2m4
0504:23[22m[39m
[90m [2mΓ¥»[22m node
_modules/vite/dist/node
/chunks/dep-D4NMHUTW.js
:[2m40623:37[22m[39m
[90m [2mΓ¥»[22m Tran
sformPluginContext.tran
sform node_modules/vite
/dist/node/chunks/dep-D
4NMHUTW.js:[2m40550:7
[22m[39m
[90m [2mΓ¥»[22m Envi
ronmentPluginContainer.
transform node_modules/
vite/dist/node/chunks/d
ep-D4NMHUTW.js:[2m4232
3:18[22m[39m
[90m [2mΓ¥»[22m 
loadAndTransform node_m
odules/vite/dist/node/c
hunks/dep-D4NMHUTW.js:
[2m35739:27[22m[39m

[31m[2mΓÄ»ΓÄ»ΓÄ»ΓÄ»ΓÄ
»ΓÄ»ΓÄ»ΓÄ»ΓÄ»ΓÄ»ΓÄ»ΓÄ»Γ
Ä»ΓÄ»ΓÄ»ΓÄ»ΓÄ»ΓÄ»ΓÄ»ΓÄ»
ΓÄ»ΓÄ»ΓÄ»[3/15]ΓÄ»[22m
[39m

[41m[1m FAIL 
[22m[49m src/__tests_
_/unit/PaymentDiagnosti
c.test.tsx[2m [ src/__
tests__/unit/PaymentDia
gnostic.test.tsx ][22m
[41m[1m FAIL 
[22m[49m src/__tests_
_/unit/PaymentDiagnosti
cSimple.test.tsx[2m [ 
src/__tests__/unit/Paym
entDiagnosticSimple.tes
t.tsx ][22m
[31m[1mError[22m: 
Cannot find module 
'@testing-library/dom'
Require stack:
- C:\MrXSteroid-main\no
de_modules\@testing-lib
rary\react\dist\pure.js
[39m
[90m [2mΓ¥»[22m 
Object.<anonymous> node
_modules/@testing-libra
ry/react/dist/pure.js:
[2m46:12[22m[39m

[31m[2mΓÄ»ΓÄ»ΓÄ»ΓÄ»ΓÄ
»ΓÄ»ΓÄ»ΓÄ»ΓÄ»ΓÄ»ΓÄ»ΓÄ»Γ
Ä»ΓÄ»ΓÄ»ΓÄ»ΓÄ»ΓÄ»ΓÄ»ΓÄ»
ΓÄ»ΓÄ»ΓÄ»[4/15]ΓÄ»[22m
[39m

[41m[1m FAIL 
[22m[49m src/__tests_
_/unit/realtime-sync-se
rvice.test.ts[2m [ src
/__tests__/unit/realtim
e-sync-service.test.ts 
][22m
[31m[1mError[22m: 
Failed to resolve 
import "../../../shared
/lib/RealtimeSyncServic
e" from "src/__tests__/
unit/realtime-sync-serv
ice.test.ts". Does the 
file exist?[39m
  Plugin: [35mvite:imp
ort-analysis[39m
  File: [36mC:/MrXSter
oid-main/src/__tests__/
unit/realtime-sync-serv
ice.test.ts[39m:2:0
[33m  8  |    }
  9  |  }));
  10 |  const 
__vi_import_0__ = 
await import("../../../
shared/lib/RealtimeSync
Service");
     |                 
                      ^
  11 |  const 
__vi_import_1__ = 
await import("../../../
shared/lib/supabase");
  12 |  import { 
describe, it, expect, 
vi, beforeEach } from 
"vitest";[39m
[90m [2mΓ¥»[22m Tran
sformPluginContext._for
matLog node_modules/vit
e/dist/node/chunks/dep-
D4NMHUTW.js:[2m42528:4
1[22m[39m
[90m [2mΓ¥»[22m Tran
sformPluginContext.erro
r node_modules/vite/dis
t/node/chunks/dep-D4NMH
UTW.js:[2m42525:16[22
m[39m
[90m [2mΓ¥»[22m 
normalizeUrl node_modul
es/vite/dist/node/chunk
s/dep-D4NMHUTW.js:[2m4
0504:23[22m[39m
[90m [2mΓ¥»[22m node
_modules/vite/dist/node
/chunks/dep-D4NMHUTW.js
:[2m40623:37[22m[39m
[90m [2mΓ¥»[22m Tran
sformPluginContext.tran
sform node_modules/vite
/dist/node/chunks/dep-D
4NMHUTW.js:[2m40550:7
[22m[39m
[90m [2mΓ¥»[22m Envi
ronmentPluginContainer.
transform node_modules/
vite/dist/node/chunks/d
ep-D4NMHUTW.js:[2m4232
3:18[22m[39m
[90m [2mΓ¥»[22m 
loadAndTransform node_m
odules/vite/dist/node/c
hunks/dep-D4NMHUTW.js:
[2m35739:27[22m[39m

[31m[2mΓÄ»ΓÄ»ΓÄ»ΓÄ»ΓÄ
»ΓÄ»ΓÄ»ΓÄ»ΓÄ»ΓÄ»ΓÄ»ΓÄ»Γ
Ä»ΓÄ»ΓÄ»ΓÄ»ΓÄ»ΓÄ»ΓÄ»ΓÄ»
ΓÄ»ΓÄ»ΓÄ»[5/15]ΓÄ»[22m
[39m

[41m[1m FAIL 
[22m[49m src/__tests_
_/unit/security-utils.t
est.ts[2m [ src/__test
s__/unit/security-utils
.test.ts ][22m
[31m[1mError[22m: 
Failed to resolve 
import "../../../shared
/lib/security-utils" 
from "src/__tests__/uni
t/security-utils.test.t
s". Does the file 
exist?[39m
  Plugin: [35mvite:imp
ort-analysis[39m
  File: [36mC:/MrXSter
oid-main/src/__tests__/
unit/security-utils.tes
t.ts[39m:2:0
[33m  19 |    };
  20 |  });
  21 |  const 
__vi_import_0__ = 
await import("../../../
shared/lib/security-uti
ls");
     |                 
                      ^
  22 |  import { 
describe, it, expect, 
vi } from "vitest";
  23 |  [39m
[90m [2mΓ¥»[22m Tran
sformPluginContext._for
matLog node_modules/vit
e/dist/node/chunks/dep-
D4NMHUTW.js:[2m42528:4
1[22m[39m
[90m [2mΓ¥»[22m Tran
sformPluginContext.erro
r node_modules/vite/dis
t/node/chunks/dep-D4NMH
UTW.js:[2m42525:16[22
m[39m
[90m [2mΓ¥»[22m 
normalizeUrl node_modul
es/vite/dist/node/chunk
s/dep-D4NMHUTW.js:[2m4
0504:23[22m[39m
[90m [2mΓ¥»[22m node
_modules/vite/dist/node
/chunks/dep-D4NMHUTW.js
:[2m40623:37[22m[39m
[90m [2mΓ¥»[22m Tran
sformPluginContext.tran
sform node_modules/vite
/dist/node/chunks/dep-D
4NMHUTW.js:[2m40550:7
[22m[39m
[90m [2mΓ¥»[22m Envi
ronmentPluginContainer.
transform node_modules/
vite/dist/node/chunks/d
ep-D4NMHUTW.js:[2m4232
3:18[22m[39m
[90m [2mΓ¥»[22m 
loadAndTransform node_m
odules/vite/dist/node/c
hunks/dep-D4NMHUTW.js:
[2m35739:27[22m[39m

[31m[2mΓÄ»ΓÄ»ΓÄ»ΓÄ»ΓÄ
»ΓÄ»ΓÄ»ΓÄ»ΓÄ»ΓÄ»ΓÄ»ΓÄ»Γ
Ä»ΓÄ»ΓÄ»ΓÄ»ΓÄ»ΓÄ»ΓÄ»ΓÄ»
ΓÄ»ΓÄ»ΓÄ»[6/15]ΓÄ»[22m
[39m


[31mΓÄ»ΓÄ»ΓÄ»ΓÄ»ΓÄ»ΓÄ»
ΓÄ»[39m[1m[41m 
Failed Tests 8 [49m[2
2m[31mΓÄ»ΓÄ»ΓÄ»ΓÄ»ΓÄ»Γ
Ä»ΓÄ»[39m

[41m[1m FAIL 
[22m[49m src/__tests_
_/security-enhanced-aut
h.test.ts[2m > 
[22mSecurity-Enhanced 
Auth Service[2m > 
[22mshould allow 
valid signup data
[31m[1mError[22m: 
Cannot find module './s
rc/lib/security-manager
'
Require stack:
- C:\MrXSteroid-main\sr
c\__tests__\security-en
hanced-auth.test.ts[39
m
[36m [2mΓ¥»[22m src/
__tests__/security-enha
nced-auth.test.ts:[2m8
5:14[22m[39m
    [90m 83| [39m
    [90m 84| [39m    
[90m// Mock 
successful 
registration[39m
    [90m 85| [39m    
vi.spyOn(require('./src
/lib/security-manager')
.securityManager, 'sΓÇª
    [90m   | [39m    
         [31m^[39m
    [90m 86| [39m    
  [33m.[39m[34mmockR
esolvedValue[39m(mockU
serData)[33m;[39m
    [90m 87| [39m

[31m[2mΓÄ»ΓÄ»ΓÄ»ΓÄ»ΓÄ
»ΓÄ»ΓÄ»ΓÄ»ΓÄ»ΓÄ»ΓÄ»ΓÄ»Γ
Ä»ΓÄ»ΓÄ»ΓÄ»ΓÄ»ΓÄ»ΓÄ»ΓÄ»
ΓÄ»ΓÄ»ΓÄ»[7/15]ΓÄ»[22m
[39m

[41m[1m FAIL 
[22m[49m src/__tests_
_/unit/auth-service.tes
t.ts[2m > 
[22mAuthentication 
Service Tests[2m > 
[22msignUp[2m > 
[22mshould register a 
new user successfully
[31m[1mAssertionError
[22m: expected 
"vi.fn()" to be called 
with arguments: [ { 
email: 
'test@example.com', 
ΓÇª(2) } ][90m

Received: 

[1m  1st vi.fn() call:

[22m[33m@@ -3,13 
+3,16 @@[90m
[2m      "email": "tes
t@example.com",[22m
[2m      "options": 
{[22m
[2m        "data": 
{[22m
[2m          
"currency": "USD",[22m
[2m          
"full_name": "Test 
User",[22m
[31m+         
"registration_ip": 
"127.0.0.1",[90m
[31m+         "registr
ation_timestamp": "2026
-03-04T04:10:40.624Z",
[90m
[31m+         "registr
ation_user_agent": 
"Mozilla/5.0 (win32) 
AppleWebKit/537.36 
(KHTML, like Gecko) 
jsdom/28.0.0",[90m
[2m          "role": 
"user",[22m
[2m          
"user_name": 
"testuser",[22m
[2m        },[22m
[32m-       
"emailRedirectTo": 
Any<String>,[90m
[31m+       
"emailRedirectTo": "htt
p://localhost:5173/auth
/callback",[90m
[2m      },[22m
[2m      "password": 
"TestPass123!",[22m
[2m    },[22m
[2m  ][22m
[31m[90m

Number of calls: 
[1m1[22m
[31m[39m
[36m [2mΓ¥»[22m src/
__tests__/unit/auth-ser
vice.test.ts:[2m49:42
[22m[39m
    [90m 47| [39m    
        })[33m;[39m
    [90m 48| [39m
    [90m 49| [39m    
        [34mexpect[39
m(supabase[33m.[39mau
th[33m.[39msignUp)[3
3m.[39m[34mtoHaveBeen
CalledWith[39m({
    [90m   | [39m    
                       
              
[31m^[39m
    [90m 50| [39m    
            
email[33m:[39m mockUs
erData[33m.[39memail
[33m,[39m
    [90m 51| [39m    
            
password[33m:[39m moc
kUserData[33m.[39mpas
sword[33m,[39m

[31m[2mΓÄ»ΓÄ»ΓÄ»ΓÄ»ΓÄ
»ΓÄ»ΓÄ»ΓÄ»ΓÄ»ΓÄ»ΓÄ»ΓÄ»Γ
Ä»ΓÄ»ΓÄ»ΓÄ»ΓÄ»ΓÄ»ΓÄ»ΓÄ»
ΓÄ»ΓÄ»ΓÄ»[8/15]ΓÄ»[22m
[39m

[41m[1m FAIL 
[22m[49m src/__tests_
_/unit/auth-service.tes
t.ts[2m > 
[22mAuthentication 
Service Tests[2m > 
[22msignUp[2m > 
[22mshould handle 
registration errors
[31m[1mAssertionError
[22m: expected 
'SIGNUP_ERROR' to 
contain 'already 
registered'[39m

Expected: 
[32m"already 
registered"[39m
Received: [31m"SIGNUP_
ERROR"[39m


[2m Test Files [22m [1m[31m10 failed[39m[22m[2m | [22m[1m[32m1 passed[39m[22m[90m (11)[39m
[2m      Tests [22m [1m[31m8 failed[39m[22m[2m | [22m[1m[32m40 passed[39m[22m[90m (48)[39m
[2m   Start at [22m 06:10:33
[2m   Duration [22m 9.85s[2m (transform 2.13s, setup 4.70s, import 2.75s, tests 182ms, environment 39.49s)[22m

[36m [2mΓ¥»[22m src/
__tests__/unit/auth-ser
vice.test.ts:[2m77:34
[22m[39m
    [90m 75| [39m    
        
[35mconst[39m result 
[33m=[39m 
[35mawait[39m authSer
vice[33m.[39m[34msig
nUp[39m(mockUserData)
[33m;[39m
    [90m 76| [39m
    [90m 77| [39m    
        [34mexpect[39
m(result[33m.[39merro
r)[33m.[39m[34mtoCon
tain[39m([32m'already
 registered'[39m)[33m
;[39m
    [90m   | [39m    
                       
      [31m^[39m
    [90m 78| [39m    
    })[33m;[39m
    [90m 79| [39m

[31m[2mΓÄ»ΓÄ»ΓÄ»ΓÄ»ΓÄ
»ΓÄ»ΓÄ»ΓÄ»ΓÄ»ΓÄ»ΓÄ»ΓÄ»Γ
Ä»ΓÄ»ΓÄ»ΓÄ»ΓÄ»ΓÄ»ΓÄ»ΓÄ»
ΓÄ»ΓÄ»ΓÄ»[9/15]ΓÄ»[22m
[39m

[41m[1m FAIL 
[22m[49m src/__tests_
_/unit/auth-service.tes
t.ts[2m > 
[22mAuthentication 
Service Tests[2m > 
[22msignUp[2m > 
[22mshould validate 
required fields
[31m[1mAssertionError
[22m: expected 'Email 
format is invalid' to 
contain 'Email is 
required'[39m

Expected: [32m"Email 
[7mis 
require[27md"[39m
Received: [31m"Email 
[7mformat is 
invali[27md"[39m

[36m [2mΓ¥»[22m src/
__tests__/unit/auth-ser
vice.test.ts:[2m116:34
[22m[39m
    [90m114| [39m    
        
[35mconst[39m result 
[33m=[39m 
[35mawait[39m authSer
vice[33m.[39m[34msig
nUp[39m(incompleteData
)[33m;[39m
    [90m115| [39m
    [90m116| [39m    
        [34mexpect[39
m(result[33m.[39merro
r)[33m.[39m[34mtoCon
tain[39m([32m'Email 
is required'[39m)[33m
;[39m
    [90m   | [39m    
                       
      [31m^[39m
    [90m117| [39m    
    })[33m;[39m
    [90m118| [39m    
})[33m;[39m

[31m[2mΓÄ»ΓÄ»ΓÄ»ΓÄ»ΓÄ
»ΓÄ»ΓÄ»ΓÄ»ΓÄ»ΓÄ»ΓÄ»ΓÄ»Γ
Ä»ΓÄ»ΓÄ»ΓÄ»ΓÄ»ΓÄ»ΓÄ»ΓÄ»
ΓÄ»ΓÄ»[10/15]ΓÄ»[22m[
39m

[41m[1m FAIL 
[22m[49m src/__tests_
_/unit/auth-service.tes
t.ts[2m > 
[22mAuthentication 
Service Tests[2m > 
[22msignIn[2m > 
[22mshould handle 
sign in errors
[31m[1mAssertionError
[22m: expected { 
user: null, session: 
null, ΓÇª(1) } to 
deeply equal { user: 
null, session: null, 
ΓÇª(1) }[39m

[32m- Expected[39m
[31m+ Received[39m

[2m  {[22m
[32m-   "error": 
"Invalid login 
credentials",[39m
[31m+   "error": 
"UNKNOWN_ERROR",[39m
[2m    "session": 
null,[22m
[2m    "user": 
null,[22m
[2m  }[22m

[36m [2mΓ¥»[22m src/
__tests__/unit/auth-ser
vice.test.ts:[2m158:28
[22m[39m
    [90m156| [39m    
        
[35mconst[39m result 
[33m=[39m 
[35mawait[39m authSer
vice[33m.[39m[34msig
nIn[39m(email[33m,[3
9m password)[33m;[39m
    [90m157| [39m
    [90m158| [39m    
        [34mexpect[39
m(result)[33m.[39m[3
4mtoEqual[39m({
    [90m   | [39m    
                       
[31m^[39m
    [90m159| [39m    
            
user[33m:[39m [35mnu
ll[39m[33m,[39m
    [90m160| [39m    
            
session[33m:[39m [35
mnull[39m[33m,[39m

[31m[2mΓÄ»ΓÄ»ΓÄ»ΓÄ»ΓÄ
»ΓÄ»ΓÄ»ΓÄ»ΓÄ»ΓÄ»ΓÄ»ΓÄ»Γ
Ä»ΓÄ»ΓÄ»ΓÄ»ΓÄ»ΓÄ»ΓÄ»ΓÄ»
ΓÄ»ΓÄ»[11/15]ΓÄ»[22m[
39m

[41m[1m FAIL 
[22m[49m src/__tests_
_/unit/auth-service.tes
t.ts[2m > 
[22mAuthentication 
Service Tests[2m > 
[22msignOut[2m > 
[22mshould handle 
sign out errors
[31m[1mAssertionError
[22m: expected 
"error" to be called 
with arguments: [ 
'Sign out error:', 
ΓÇª(1) ][90m

Received: 

[1m  1st error call:

[22m[2m  [[22m
[32m-   "Sign out 
error:",[90m
[31m+   "ErrorHandler 
caught raw 
error:",[90m
[2m    Error {[22m
[2m      "message": 
"Sign out failed",[22m
[2m    },[22m
[2m  ][22m

[1m  2nd error call:

[22m[2m  [[22m
[32m-   "Sign out 
error:",[90m
[31m+   
"[AuthService.signOut] 
UNKNOWN_ERROR:",[90m
[31m+   "Sign out 
failed",[90m
[2m    Error {[22m
[2m      "message": 
"Sign out failed",[22m
[2m    },[22m
[2m  ][22m
[31m[90m

Number of calls: 
[1m2[22m
[31m[39m
[36m [2mΓ¥»[22m src/
__tests__/unit/auth-ser
vice.test.ts:[2m198:32
[22m[39m
    [90m196| [39m
    [90m197| [39m    
        [34mexpect[39
m(supabase[33m.[39mau
th[33m.[39msignOut)[
33m.[39m[34mtoHaveBee
nCalled[39m()[33m;[3
9m
    [90m198| [39m    
        expect(consoleS
py).toHaveBeenCalledWit
h('Sign out error:',ΓÇª
    [90m   | [39m    
                       
    [31m^[39m
    [90m199| [39m
    [90m200| [39m    
        consoleSpy[33m
.[39m[34mmockRestore
[39m()[33m;[39m

[31m[2mΓÄ»ΓÄ»ΓÄ»ΓÄ»ΓÄ
»ΓÄ»ΓÄ»ΓÄ»ΓÄ»ΓÄ»ΓÄ»ΓÄ»Γ
Ä»ΓÄ»ΓÄ»ΓÄ»ΓÄ»ΓÄ»ΓÄ»ΓÄ»
ΓÄ»ΓÄ»[12/15]ΓÄ»[22m[
39m

[41m[1m FAIL 
[22m[49m src/__tests_
_/unit/logic.test.ts[2
m > [22mLogic 
Functions Test 
Suite[2m > [22mreplac
eBrandWithHtml[2m > 
[22mshould replace 
brand names with HTML 
spans
[31m[1mAssertionError
[22m: expected 'This 
is Mr. X-Steroid and 
Mr. X' to contain 
'<span'[39m

Expected: 
[32m"<span"[39m
Received: [31m"This 
is Mr. X-Steroid and 
Mr. X"[39m

[36m [2mΓ¥»[22m src/
__tests__/unit/logic.te
st.ts:[2m10:28[22m[3
9m
    [90m  8| [39m    
        
[35mconst[39m result 
[33m=[39m [34mreplac
eBrandWithHtml[39m(inp
ut)[33m;[39m
    [90m  9| [39m    
        
    [90m 10| [39m    
        [34mexpect[39
m(result)[33m.[39m[3
4mtoContain[39m([32m'
<span'[39m)[33m;[39m
    [90m   | [39m    
                       
[31m^[39m
    [90m 11| [39m    
        [34mexpect[39
m(result)[33m.[39m[3
4mtoContain[39m([32m'
Mr. X-Steroid'[39m)[3
3m;[39m
    [90m 12| [39m    
        [34mexpect[39
m(result)[33m.[39m[3
4mtoContain[39m([32m'
Mr. X'[39m)[33m;[39m

[31m[2mΓÄ»ΓÄ»ΓÄ»ΓÄ»ΓÄ
»ΓÄ»ΓÄ»ΓÄ»ΓÄ»ΓÄ»ΓÄ»ΓÄ»Γ
Ä»ΓÄ»ΓÄ»ΓÄ»ΓÄ»ΓÄ»ΓÄ»ΓÄ»
ΓÄ»ΓÄ»[13/15]ΓÄ»[22m[
39m

[41m[1m FAIL 
[22m[49m src/__tests_
_/unit/logic.test.ts[2
m > [22mLogic 
Functions Test 
Suite[2m > [22mreplac
eBrandWithHtml[2m > 
[22mshould handle 
Arabic brand names
[31m[1mAssertionError
[22m: expected 
'┘ç╪░╪º ┘à╪│╪¬╪▒ 
╪Ñ┘â╪│-╪│╪¬┘è╪▒┘ê┘è╪» 
┘ê┘à╪│╪¬╪▒ ╪Ñ┘â╪│' to 
contain '<span'[39m

Expected: 
[32m"<span"[39m
Received: [31m"┘ç╪░╪º 
┘à╪│╪¬╪▒ 
╪Ñ┘â╪│-╪│╪¬┘è╪▒┘ê┘è╪» 
┘ê┘à╪│╪¬╪▒ ╪Ñ┘â╪│"[39m

[36m [2mΓ¥»[22m src/
__tests__/unit/logic.te
st.ts:[2m19:28[22m[3
9m
    [90m 17| [39m    
        
[35mconst[39m result 
[33m=[39m [34mreplac
eBrandWithHtml[39m(inp
ut)[33m;[39m
    [90m 18| [39m    
        
    [90m 19| [39m    
        [34mexpect[39
m(result)[33m.[39m[3
4mtoContain[39m([32m'
<span'[39m)[33m;[39m
    [90m   | [39m    
                       
[31m^[39m
    [90m 20| [39m    
        [34mexpect[39
m(result)[33m.[39m[3
4mtoContain[39m([32m'
┘à╪│╪¬╪▒ ╪Ñ┘â╪│-╪│╪¬┘è╪
▒┘ê┘è╪»'[39m)[33m;[3
9m
    [90m 21| [39m    
        [34mexpect[39
m(result)[33m.[39m[3
4mtoContain[39m([32m'
┘à╪│╪¬╪▒ ╪Ñ┘â╪│'[39m)
[33m;[39m

[31m[2mΓÄ»ΓÄ»ΓÄ»ΓÄ»ΓÄ
»ΓÄ»ΓÄ»ΓÄ»ΓÄ»ΓÄ»ΓÄ»ΓÄ»Γ
Ä»ΓÄ»ΓÄ»ΓÄ»ΓÄ»ΓÄ»ΓÄ»ΓÄ»
ΓÄ»ΓÄ»[14/15]ΓÄ»[22m[
39m

