src/components/Header.tsx(5,10): error TS2305: Module '"../utils/shared"' has no exported member 'USFlag'.
src/components/Header.tsx(5,18): error TS2305: Module '"../utils/shared"' has no exported member 'EGFlag'.
src/components/Header.tsx(5,26): error TS2305: Module '"../utils/shared"' has no exported member 'ILFlag'.
